Archive member included to satisfy reference by file (symbol)

c:/avr8-gnu-toolchain-win32_x86/bin/../lib/gcc/avr/5.4.0/avr51\libgcc.a(_udivmodqi4.o)
                              ./src/main.o (__udivmodqi4)
c:/avr8-gnu-toolchain-win32_x86/bin/../lib/gcc/avr/5.4.0/avr51\libgcc.a(_udivmodhi4.o)
                              ./src/ds1307.o (__udivmodhi4)
c:/avr8-gnu-toolchain-win32_x86/bin/../lib/gcc/avr/5.4.0/avr51\libgcc.a(_divmodhi4.o)
                              ./src/main.o (__divmodhi4)
c:/avr8-gnu-toolchain-win32_x86/bin/../lib/gcc/avr/5.4.0/avr51\libgcc.a(_exit.o)
                              c:/avr8-gnu-toolchain-win32_x86/bin/../lib/gcc/avr/5.4.0/../../../../avr/lib/avr51/crtatmega128.o (exit)
c:/avr8-gnu-toolchain-win32_x86/bin/../lib/gcc/avr/5.4.0/avr51\libgcc.a(_clear_bss.o)
                              ./src/ds1307.o (__do_clear_bss)

Allocating common symbols
Common symbol       size              file

Second              0x2               ./src/main.o
Hour                0x2               ./src/main.o
Date                0x2               ./src/main.o
Minute              0x2               ./src/main.o
Year                0x2               ./src/main.o
tData               0x7               ./src/main.o
device_data         0x2               ./src/ds1307.o
Month               0x2               ./src/main.o
dis                 0x5               ./src/main.o

Memory Configuration

Name             Origin             Length             Attributes
text             0x00000000         0x00020000         xr
data             0x00800100         0x00001000         rw !x
eeprom           0x00810000         0x00001000         rw !x
fuse             0x00820000         0x00000003         rw !x
lock             0x00830000         0x00000400         rw !x
signature        0x00840000         0x00000400         rw !x
user_signatures  0x00850000         0x00000400         rw !x
*default*        0x00000000         0xffffffff

Linker script and memory map

Address of section .data set to 0x800100
LOAD c:/avr8-gnu-toolchain-win32_x86/bin/../lib/gcc/avr/5.4.0/../../../../avr/lib/avr51/crtatmega128.o
LOAD ./src/ds1307.o
LOAD ./src/i2c.o
LOAD ./src/main.o
START GROUP
LOAD c:/avr8-gnu-toolchain-win32_x86/bin/../lib/gcc/avr/5.4.0/avr51\libgcc.a
LOAD c:/avr8-gnu-toolchain-win32_x86/bin/../lib/gcc/avr/5.4.0/../../../../avr/lib/avr51\libm.a
LOAD c:/avr8-gnu-toolchain-win32_x86/bin/../lib/gcc/avr/5.4.0/../../../../avr/lib/avr51\libc.a
LOAD c:/avr8-gnu-toolchain-win32_x86/bin/../lib/gcc/avr/5.4.0/../../../../avr/lib/avr51\libatmega128.a
END GROUP
                0x00000000                __TEXT_REGION_ORIGIN__ = DEFINED (__TEXT_REGION_ORIGIN__)?__TEXT_REGION_ORIGIN__:0x0
                [0x00800100]                __DATA_REGION_ORIGIN__ = DEFINED (__DATA_REGION_ORIGIN__)?__DATA_REGION_ORIGIN__:0x800100
                [0x00020000]                __TEXT_REGION_LENGTH__ = DEFINED (__TEXT_REGION_LENGTH__)?__TEXT_REGION_LENGTH__:0x20000
                [0x00001000]                __DATA_REGION_LENGTH__ = DEFINED (__DATA_REGION_LENGTH__)?__DATA_REGION_LENGTH__:0xff00
                [0x00001000]                __EEPROM_REGION_LENGTH__ = DEFINED (__EEPROM_REGION_LENGTH__)?__EEPROM_REGION_LENGTH__:0x10000
                [0x00000003]                __FUSE_REGION_LENGTH__ = DEFINED (__FUSE_REGION_LENGTH__)?__FUSE_REGION_LENGTH__:0x400
                0x00000400                __LOCK_REGION_LENGTH__ = DEFINED (__LOCK_REGION_LENGTH__)?__LOCK_REGION_LENGTH__:0x400
                0x00000400                __SIGNATURE_REGION_LENGTH__ = DEFINED (__SIGNATURE_REGION_LENGTH__)?__SIGNATURE_REGION_LENGTH__:0x400
                0x00000400                __USER_SIGNATURE_REGION_LENGTH__ = DEFINED (__USER_SIGNATURE_REGION_LENGTH__)?__USER_SIGNATURE_REGION_LENGTH__:0x400

.hash
 *(.hash)

.dynsym
 *(.dynsym)

.dynstr
 *(.dynstr)

.gnu.version
 *(.gnu.version)

.gnu.version_d
 *(.gnu.version_d)

.gnu.version_r
 *(.gnu.version_r)

.rel.init
 *(.rel.init)

.rela.init
 *(.rela.init)

.rel.text
 *(.rel.text)
 *(.rel.text.*)
 *(.rel.gnu.linkonce.t*)

.rela.text
 *(.rela.text)
 *(.rela.text.*)
 *(.rela.gnu.linkonce.t*)

.rel.fini
 *(.rel.fini)

.rela.fini
 *(.rela.fini)

.rel.rodata
 *(.rel.rodata)
 *(.rel.rodata.*)
 *(.rel.gnu.linkonce.r*)

.rela.rodata
 *(.rela.rodata)
 *(.rela.rodata.*)
 *(.rela.gnu.linkonce.r*)

.rel.data
 *(.rel.data)
 *(.rel.data.*)
 *(.rel.gnu.linkonce.d*)

.rela.data
 *(.rela.data)
 *(.rela.data.*)
 *(.rela.gnu.linkonce.d*)

.rel.ctors
 *(.rel.ctors)

.rela.ctors
 *(.rela.ctors)

.rel.dtors
 *(.rel.dtors)

.rela.dtors
 *(.rela.dtors)

.rel.got
 *(.rel.got)

.rela.got
 *(.rela.got)

.rel.bss
 *(.rel.bss)

.rela.bss
 *(.rela.bss)

.rel.plt
 *(.rel.plt)

.rela.plt
 *(.rela.plt)

.text           0x00000000      0xbe0
 *(.vectors)
 .vectors       0x00000000       0x8c c:/avr8-gnu-toolchain-win32_x86/bin/../lib/gcc/avr/5.4.0/../../../../avr/lib/avr51/crtatmega128.o
                0x00000000                __vector_default
                0x00000000                __vectors
 *(.vectors)
 *(.progmem.gcc*)
                0x0000008c                . = ALIGN (0x2)
                0x0000008c                __trampolines_start = .
 *(.trampolines)
 .trampolines   0x0000008c        0x0 linker stubs
 *(.trampolines*)
                0x0000008c                __trampolines_end = .
 *libprintf_flt.a:*(.progmem.data)
 *libc.a:*(.progmem.data)
 *(.progmem*)
                0x0000008c                . = ALIGN (0x2)
 *(.jumptables)
 *(.jumptables*)
 *(.lowtext)
 *(.lowtext*)
                0x0000008c                __ctors_start = .
 *(.ctors)
                0x0000008c                __ctors_end = .
                0x0000008c                __dtors_start = .
 *(.dtors)
                0x0000008c                __dtors_end = .
 SORT(*)(.ctors)
 SORT(*)(.dtors)
 *(.init0)
 .init0         0x0000008c        0x0 c:/avr8-gnu-toolchain-win32_x86/bin/../lib/gcc/avr/5.4.0/../../../../avr/lib/avr51/crtatmega128.o
                0x0000008c                __init
 *(.init0)
 *(.init1)
 *(.init1)
 *(.init2)
 .init2         0x0000008c        0xc c:/avr8-gnu-toolchain-win32_x86/bin/../lib/gcc/avr/5.4.0/../../../../avr/lib/avr51/crtatmega128.o
 *(.init2)
 *(.init3)
 *(.init3)
 *(.init4)
 .init4         0x00000098       0x10 c:/avr8-gnu-toolchain-win32_x86/bin/../lib/gcc/avr/5.4.0/avr51\libgcc.a(_clear_bss.o)
                0x00000098                __do_clear_bss
 *(.init4)
 *(.init5)
 *(.init5)
 *(.init6)
 *(.init6)
 *(.init7)
 *(.init7)
 *(.init8)
 *(.init8)
 *(.init9)
 .init9         0x000000a8        0x8 c:/avr8-gnu-toolchain-win32_x86/bin/../lib/gcc/avr/5.4.0/../../../../avr/lib/avr51/crtatmega128.o
 *(.init9)
 *(.text)
 .text          0x000000b0        0x4 c:/avr8-gnu-toolchain-win32_x86/bin/../lib/gcc/avr/5.4.0/../../../../avr/lib/avr51/crtatmega128.o
                0x000000b0                __vector_22
                0x000000b0                __vector_28
                0x000000b0                __vector_1
                0x000000b0                __vector_32
                0x000000b0                __vector_34
                0x000000b0                __vector_24
                0x000000b0                __vector_12
                0x000000b0                __bad_interrupt
                0x000000b0                __vector_6
                0x000000b0                __vector_31
                0x000000b0                __vector_3
                0x000000b0                __vector_23
                0x000000b0                __vector_30
                0x000000b0                __vector_25
                0x000000b0                __vector_11
                0x000000b0                __vector_13
                0x000000b0                __vector_17
                0x000000b0                __vector_19
                0x000000b0                __vector_7
                0x000000b0                __vector_27
                0x000000b0                __vector_5
                0x000000b0                __vector_4
                0x000000b0                __vector_9
                0x000000b0                __vector_2
                0x000000b0                __vector_21
                0x000000b0                __vector_15
                0x000000b0                __vector_29
                0x000000b0                __vector_8
                0x000000b0                __vector_26
                0x000000b0                __vector_14
                0x000000b0                __vector_10
                0x000000b0                __vector_18
                0x000000b0                __vector_20
 .text          0x000000b4        0x0 ./src/ds1307.o
 .text          0x000000b4        0x0 ./src/i2c.o
 .text          0x000000b4        0x0 ./src/main.o
 .text          0x000000b4        0x0 c:/avr8-gnu-toolchain-win32_x86/bin/../lib/gcc/avr/5.4.0/avr51\libgcc.a(_udivmodqi4.o)
 .text          0x000000b4        0x0 c:/avr8-gnu-toolchain-win32_x86/bin/../lib/gcc/avr/5.4.0/avr51\libgcc.a(_udivmodhi4.o)
 .text          0x000000b4        0x0 c:/avr8-gnu-toolchain-win32_x86/bin/../lib/gcc/avr/5.4.0/avr51\libgcc.a(_divmodhi4.o)
 .text          0x000000b4        0x0 c:/avr8-gnu-toolchain-win32_x86/bin/../lib/gcc/avr/5.4.0/avr51\libgcc.a(_exit.o)
 .text          0x000000b4        0x0 c:/avr8-gnu-toolchain-win32_x86/bin/../lib/gcc/avr/5.4.0/avr51\libgcc.a(_clear_bss.o)
                0x000000b4                . = ALIGN (0x2)
 *(.text.*)
 .text.ds1307_write_register
                0x000000b4       0x12 ./src/ds1307.o
                0x000000b4                ds1307_write_register
 .text.ds1307_set_seconds
                0x000000c6       0x20 ./src/ds1307.o
                0x000000c6                ds1307_set_seconds
 .text.ds1307_set_minutes
                0x000000e6       0x20 ./src/ds1307.o
                0x000000e6                ds1307_set_minutes
 .text.ds1307_set_year
                0x00000106       0x1e ./src/ds1307.o
                0x00000106                ds1307_set_year
 .text.ds1307_read_register
                0x00000124       0x26 ./src/ds1307.o
                0x00000124                ds1307_read_register
 .text.ds1307_init
                0x0000014a       0x2e ./src/ds1307.o
                0x0000014a                ds1307_init
 .text.ds1307_seconds
                0x00000178       0x1e ./src/ds1307.o
                0x00000178                ds1307_seconds
 .text.ds1307_minutes
                0x00000196       0x18 ./src/ds1307.o
                0x00000196                ds1307_minutes
 .text.ds1307_hours
                0x000001ae       0x22 ./src/ds1307.o
                0x000001ae                ds1307_hours
 .text.ds1307_set_hours
                0x000001d0       0x42 ./src/ds1307.o
                0x000001d0                ds1307_set_hours
 .text.ds1307_date
                0x00000212       0x1e ./src/ds1307.o
                0x00000212                ds1307_date
 .text.i2cReceiveByte.part.0
                0x00000230        0xe ./src/i2c.o
 .text.i2cSetBitrate
                0x0000023e       0x38 ./src/i2c.o
                0x0000023e                i2cSetBitrate
 .text.i2cInit  0x00000276       0x3a ./src/i2c.o
                0x00000276                i2cInit
 .text.i2cSetLocalDeviceAddr
                0x000002b0       0x12 ./src/i2c.o
                0x000002b0                i2cSetLocalDeviceAddr
 .text.i2cSetSlaveReceiveHandler
                0x000002c2        0xa ./src/i2c.o
                0x000002c2                i2cSetSlaveReceiveHandler
 .text.i2cSetSlaveTransmitHandler
                0x000002cc        0xa ./src/i2c.o
                0x000002cc                i2cSetSlaveTransmitHandler
 .text.i2cSendStart
                0x000002d6        0xe ./src/i2c.o
                0x000002d6                i2cSendStart
 .text.i2cSendStop
                0x000002e4        0xe ./src/i2c.o
                0x000002e4                i2cSendStop
 .text.i2cWaitForComplete
                0x000002f2        0xa ./src/i2c.o
                0x000002f2                i2cWaitForComplete
 .text.i2cSendByte
                0x000002fc       0x12 ./src/i2c.o
                0x000002fc                i2cSendByte
 .text.i2cReceiveByte
                0x0000030e       0x14 ./src/i2c.o
                0x0000030e                i2cReceiveByte
 .text.i2cGetReceivedByte
                0x00000322        0x6 ./src/i2c.o
                0x00000322                i2cGetReceivedByte
 .text.i2cGetStatus
                0x00000328        0x6 ./src/i2c.o
                0x00000328                i2cGetStatus
 .text.i2cMasterSend
                0x0000032e       0x36 ./src/i2c.o
                0x0000032e                i2cMasterSend
 .text.i2cMasterReceive
                0x00000364       0x54 ./src/i2c.o
                0x00000364                i2cMasterReceive
 .text.i2cMasterSendNI
                0x000003b8       0x78 ./src/i2c.o
                0x000003b8                i2cMasterSendNI
 .text.i2cMasterReceiveNI
                0x00000430       0x84 ./src/i2c.o
                0x00000430                i2cMasterReceiveNI
 .text.__vector_33
                0x000004b4      0x25a ./src/i2c.o
                0x000004b4                __vector_33
 .text.i2cGetState
                0x0000070e        0x6 ./src/i2c.o
                0x0000070e                i2cGetState
 .text.TWI_Init
                0x00000714       0x12 ./src/main.o
                0x00000714                TWI_Init
 .text.TWI_DS1307_wadr
                0x00000726       0x62 ./src/main.o
                0x00000726                TWI_DS1307_wadr
 .text.TWI_DS1307_wblock
                0x00000788       0x8e ./src/main.o
                0x00000788                TWI_DS1307_wblock
 .text.TWI_DS1307_rblock
                0x00000816       0xaa ./src/main.o
                0x00000816                TWI_DS1307_rblock
 .text.spiSend_Byte
                0x000008c0        0x8 ./src/main.o
                0x000008c0                spiSend_Byte
 .text.MAX7219_Write_Data
                0x000008c8       0x16 ./src/main.o
                0x000008c8                MAX7219_Write_Data
 .text.BCD2Dec  0x000008de       0x12 ./src/main.o
                0x000008de                BCD2Dec
 .text.Dec2BCD  0x000008f0       0x12 ./src/main.o
                0x000008f0                Dec2BCD
 .text.Display_7seg
                0x00000902       0xf2 ./src/main.o
                0x00000902                Display_7seg
 .text.Display  0x000009f4        0x2 ./src/main.o
                0x000009f4                Display
 .text.startup.main
                0x000009f6       0xd4 ./src/main.o
                0x000009f6                main
 .text.__vector_16
                0x00000aca       0xaa ./src/main.o
                0x00000aca                __vector_16
 .text.libgcc.mul
                0x00000b74        0x0 c:/avr8-gnu-toolchain-win32_x86/bin/../lib/gcc/avr/5.4.0/avr51\libgcc.a(_udivmodqi4.o)
 .text.libgcc.div
                0x00000b74       0x18 c:/avr8-gnu-toolchain-win32_x86/bin/../lib/gcc/avr/5.4.0/avr51\libgcc.a(_udivmodqi4.o)
                0x00000b74                __udivmodqi4
 .text.libgcc   0x00000b8c        0x0 c:/avr8-gnu-toolchain-win32_x86/bin/../lib/gcc/avr/5.4.0/avr51\libgcc.a(_udivmodqi4.o)
 .text.libgcc.prologue
                0x00000b8c        0x0 c:/avr8-gnu-toolchain-win32_x86/bin/../lib/gcc/avr/5.4.0/avr51\libgcc.a(_udivmodqi4.o)
 .text.libgcc.builtins
                0x00000b8c        0x0 c:/avr8-gnu-toolchain-win32_x86/bin/../lib/gcc/avr/5.4.0/avr51\libgcc.a(_udivmodqi4.o)
 .text.libgcc.fmul
                0x00000b8c        0x0 c:/avr8-gnu-toolchain-win32_x86/bin/../lib/gcc/avr/5.4.0/avr51\libgcc.a(_udivmodqi4.o)
 .text.libgcc.fixed
                0x00000b8c        0x0 c:/avr8-gnu-toolchain-win32_x86/bin/../lib/gcc/avr/5.4.0/avr51\libgcc.a(_udivmodqi4.o)
 .text.libgcc.mul
                0x00000b8c        0x0 c:/avr8-gnu-toolchain-win32_x86/bin/../lib/gcc/avr/5.4.0/avr51\libgcc.a(_udivmodhi4.o)
 .text.libgcc.div
                0x00000b8c       0x28 c:/avr8-gnu-toolchain-win32_x86/bin/../lib/gcc/avr/5.4.0/avr51\libgcc.a(_udivmodhi4.o)
                0x00000b8c                __udivmodhi4
 .text.libgcc   0x00000bb4        0x0 c:/avr8-gnu-toolchain-win32_x86/bin/../lib/gcc/avr/5.4.0/avr51\libgcc.a(_udivmodhi4.o)
 .text.libgcc.prologue
                0x00000bb4        0x0 c:/avr8-gnu-toolchain-win32_x86/bin/../lib/gcc/avr/5.4.0/avr51\libgcc.a(_udivmodhi4.o)
 .text.libgcc.builtins
                0x00000bb4        0x0 c:/avr8-gnu-toolchain-win32_x86/bin/../lib/gcc/avr/5.4.0/avr51\libgcc.a(_udivmodhi4.o)
 .text.libgcc.fmul
                0x00000bb4        0x0 c:/avr8-gnu-toolchain-win32_x86/bin/../lib/gcc/avr/5.4.0/avr51\libgcc.a(_udivmodhi4.o)
 .text.libgcc.fixed
                0x00000bb4        0x0 c:/avr8-gnu-toolchain-win32_x86/bin/../lib/gcc/avr/5.4.0/avr51\libgcc.a(_udivmodhi4.o)
 .text.libgcc.mul
                0x00000bb4        0x0 c:/avr8-gnu-toolchain-win32_x86/bin/../lib/gcc/avr/5.4.0/avr51\libgcc.a(_divmodhi4.o)
 .text.libgcc.div
                0x00000bb4       0x28 c:/avr8-gnu-toolchain-win32_x86/bin/../lib/gcc/avr/5.4.0/avr51\libgcc.a(_divmodhi4.o)
                0x00000bb4                _div
                0x00000bb4                __divmodhi4
 .text.libgcc   0x00000bdc        0x0 c:/avr8-gnu-toolchain-win32_x86/bin/../lib/gcc/avr/5.4.0/avr51\libgcc.a(_divmodhi4.o)
 .text.libgcc.prologue
                0x00000bdc        0x0 c:/avr8-gnu-toolchain-win32_x86/bin/../lib/gcc/avr/5.4.0/avr51\libgcc.a(_divmodhi4.o)
 .text.libgcc.builtins
                0x00000bdc        0x0 c:/avr8-gnu-toolchain-win32_x86/bin/../lib/gcc/avr/5.4.0/avr51\libgcc.a(_divmodhi4.o)
 .text.libgcc.fmul
                0x00000bdc        0x0 c:/avr8-gnu-toolchain-win32_x86/bin/../lib/gcc/avr/5.4.0/avr51\libgcc.a(_divmodhi4.o)
 .text.libgcc.fixed
                0x00000bdc        0x0 c:/avr8-gnu-toolchain-win32_x86/bin/../lib/gcc/avr/5.4.0/avr51\libgcc.a(_divmodhi4.o)
 .text.libgcc.mul
                0x00000bdc        0x0 c:/avr8-gnu-toolchain-win32_x86/bin/../lib/gcc/avr/5.4.0/avr51\libgcc.a(_exit.o)
 .text.libgcc.div
                0x00000bdc        0x0 c:/avr8-gnu-toolchain-win32_x86/bin/../lib/gcc/avr/5.4.0/avr51\libgcc.a(_exit.o)
 .text.libgcc   0x00000bdc        0x0 c:/avr8-gnu-toolchain-win32_x86/bin/../lib/gcc/avr/5.4.0/avr51\libgcc.a(_exit.o)
 .text.libgcc.prologue
                0x00000bdc        0x0 c:/avr8-gnu-toolchain-win32_x86/bin/../lib/gcc/avr/5.4.0/avr51\libgcc.a(_exit.o)
 .text.libgcc.builtins
                0x00000bdc        0x0 c:/avr8-gnu-toolchain-win32_x86/bin/../lib/gcc/avr/5.4.0/avr51\libgcc.a(_exit.o)
 .text.libgcc.fmul
                0x00000bdc        0x0 c:/avr8-gnu-toolchain-win32_x86/bin/../lib/gcc/avr/5.4.0/avr51\libgcc.a(_exit.o)
 .text.libgcc.fixed
                0x00000bdc        0x0 c:/avr8-gnu-toolchain-win32_x86/bin/../lib/gcc/avr/5.4.0/avr51\libgcc.a(_exit.o)
 .text.libgcc.mul
                0x00000bdc        0x0 c:/avr8-gnu-toolchain-win32_x86/bin/../lib/gcc/avr/5.4.0/avr51\libgcc.a(_clear_bss.o)
 .text.libgcc.div
                0x00000bdc        0x0 c:/avr8-gnu-toolchain-win32_x86/bin/../lib/gcc/avr/5.4.0/avr51\libgcc.a(_clear_bss.o)
 .text.libgcc   0x00000bdc        0x0 c:/avr8-gnu-toolchain-win32_x86/bin/../lib/gcc/avr/5.4.0/avr51\libgcc.a(_clear_bss.o)
 .text.libgcc.prologue
                0x00000bdc        0x0 c:/avr8-gnu-toolchain-win32_x86/bin/../lib/gcc/avr/5.4.0/avr51\libgcc.a(_clear_bss.o)
 .text.libgcc.builtins
                0x00000bdc        0x0 c:/avr8-gnu-toolchain-win32_x86/bin/../lib/gcc/avr/5.4.0/avr51\libgcc.a(_clear_bss.o)
 .text.libgcc.fmul
                0x00000bdc        0x0 c:/avr8-gnu-toolchain-win32_x86/bin/../lib/gcc/avr/5.4.0/avr51\libgcc.a(_clear_bss.o)
 .text.libgcc.fixed
                0x00000bdc        0x0 c:/avr8-gnu-toolchain-win32_x86/bin/../lib/gcc/avr/5.4.0/avr51\libgcc.a(_clear_bss.o)
                0x00000bdc                . = ALIGN (0x2)
 *(.fini9)
 .fini9         0x00000bdc        0x0 c:/avr8-gnu-toolchain-win32_x86/bin/../lib/gcc/avr/5.4.0/avr51\libgcc.a(_exit.o)
                0x00000bdc                _exit
                0x00000bdc                exit
 *(.fini9)
 *(.fini8)
 *(.fini8)
 *(.fini7)
 *(.fini7)
 *(.fini6)
 *(.fini6)
 *(.fini5)
 *(.fini5)
 *(.fini4)
 *(.fini4)
 *(.fini3)
 *(.fini3)
 *(.fini2)
 *(.fini2)
 *(.fini1)
 *(.fini1)
 *(.fini0)
 .fini0         0x00000bdc        0x4 c:/avr8-gnu-toolchain-win32_x86/bin/../lib/gcc/avr/5.4.0/avr51\libgcc.a(_exit.o)
 *(.fini0)
                0x00000be0                _etext = .

.data           0x00800100        0x0 load address 0x00000be0
                [!provide]                PROVIDE (__data_start, .)
 *(.data)
 .data          0x00800100        0x0 c:/avr8-gnu-toolchain-win32_x86/bin/../lib/gcc/avr/5.4.0/../../../../avr/lib/avr51/crtatmega128.o
 .data          0x00800100        0x0 ./src/ds1307.o
 .data          0x00800100        0x0 ./src/i2c.o
 .data          0x00800100        0x0 ./src/main.o
 .data          0x00800100        0x0 c:/avr8-gnu-toolchain-win32_x86/bin/../lib/gcc/avr/5.4.0/avr51\libgcc.a(_udivmodqi4.o)
 .data          0x00800100        0x0 c:/avr8-gnu-toolchain-win32_x86/bin/../lib/gcc/avr/5.4.0/avr51\libgcc.a(_udivmodhi4.o)
 .data          0x00800100        0x0 c:/avr8-gnu-toolchain-win32_x86/bin/../lib/gcc/avr/5.4.0/avr51\libgcc.a(_divmodhi4.o)
 .data          0x00800100        0x0 c:/avr8-gnu-toolchain-win32_x86/bin/../lib/gcc/avr/5.4.0/avr51\libgcc.a(_exit.o)
 .data          0x00800100        0x0 c:/avr8-gnu-toolchain-win32_x86/bin/../lib/gcc/avr/5.4.0/avr51\libgcc.a(_clear_bss.o)
 *(.data*)
 *(.gnu.linkonce.d*)
 *(.rodata)
 *(.rodata*)
 *(.gnu.linkonce.r*)
                0x00800100                . = ALIGN (0x2)
                0x00800100                _edata = .
                [!provide]                PROVIDE (__data_end, .)

.bss            0x00800100       0x65
                0x00800100                PROVIDE (__bss_start, .)
 *(.bss)
 .bss           0x00800100        0x0 c:/avr8-gnu-toolchain-win32_x86/bin/../lib/gcc/avr/5.4.0/../../../../avr/lib/avr51/crtatmega128.o
 .bss           0x00800100        0x0 ./src/ds1307.o
 .bss           0x00800100        0x0 ./src/i2c.o
 .bss           0x00800100        0x0 ./src/main.o
 .bss           0x00800100        0x0 c:/avr8-gnu-toolchain-win32_x86/bin/../lib/gcc/avr/5.4.0/avr51\libgcc.a(_udivmodqi4.o)
 .bss           0x00800100        0x0 c:/avr8-gnu-toolchain-win32_x86/bin/../lib/gcc/avr/5.4.0/avr51\libgcc.a(_udivmodhi4.o)
 .bss           0x00800100        0x0 c:/avr8-gnu-toolchain-win32_x86/bin/../lib/gcc/avr/5.4.0/avr51\libgcc.a(_divmodhi4.o)
 .bss           0x00800100        0x0 c:/avr8-gnu-toolchain-win32_x86/bin/../lib/gcc/avr/5.4.0/avr51\libgcc.a(_exit.o)
 .bss           0x00800100        0x0 c:/avr8-gnu-toolchain-win32_x86/bin/../lib/gcc/avr/5.4.0/avr51\libgcc.a(_clear_bss.o)
 *(.bss*)
 .bss.i2cSlaveTransmit
                0x00800100        0x2 ./src/i2c.o
 .bss.i2cSlaveReceive
                0x00800102        0x2 ./src/i2c.o
 .bss.I2cReceiveDataLength
                0x00800104        0x1 ./src/i2c.o
 .bss.I2cReceiveDataIndex
                0x00800105        0x1 ./src/i2c.o
 .bss.I2cReceiveData
                0x00800106       0x20 ./src/i2c.o
 .bss.I2cSendDataLength
                0x00800126        0x1 ./src/i2c.o
 .bss.I2cSendDataIndex
                0x00800127        0x1 ./src/i2c.o
 .bss.I2cSendData
                0x00800128       0x20 ./src/i2c.o
 .bss.I2cDeviceAddrRW
                0x00800148        0x1 ./src/i2c.o
 .bss.I2cState  0x00800149        0x1 ./src/i2c.o
 .bss.Time_count
                0x0080014a        0x1 ./src/main.o
                0x0080014a                Time_count
 *(COMMON)
 COMMON         0x0080014b        0x2 ./src/ds1307.o
                0x0080014b                device_data
 COMMON         0x0080014d       0x18 ./src/main.o
                0x0080014d                Second
                0x0080014f                Hour
                0x00800151                Date
                0x00800153                Minute
                0x00800155                Year
                0x00800157                tData
                0x0080015e                Month
                0x00800160                dis
                0x00800165                PROVIDE (__bss_end, .)
                0x00000be0                __data_load_start = LOADADDR (.data)
                0x00000be0                __data_load_end = (__data_load_start + SIZEOF (.data))

.noinit         0x00800165        0x0
                [!provide]                PROVIDE (__noinit_start, .)
 *(.noinit*)
                [!provide]                PROVIDE (__noinit_end, .)
                0x00800165                _end = .
                [!provide]                PROVIDE (__heap_start, .)

.eeprom         0x00810000        0x0
 *(.eeprom*)
                0x00810000                __eeprom_end = .

.fuse
 *(.fuse)
 *(.lfuse)
 *(.hfuse)
 *(.efuse)

.lock
 *(.lock*)

.signature
 *(.signature*)

.user_signatures
 *(.user_signatures*)

.stab
 *(.stab)

.stabstr
 *(.stabstr)

.stab.excl
 *(.stab.excl)

.stab.exclstr
 *(.stab.exclstr)

.stab.index
 *(.stab.index)

.stab.indexstr
 *(.stab.indexstr)

.comment        0x00000000       0x30
 *(.comment)
 .comment       0x00000000       0x30 ./src/ds1307.o
                                 0x31 (size before relaxing)
 .comment       0x00000030       0x31 ./src/i2c.o
 .comment       0x00000030       0x31 ./src/main.o

.note.gnu.avr.deviceinfo
                0x00000000       0x3c
 .note.gnu.avr.deviceinfo
                0x00000000       0x3c c:/avr8-gnu-toolchain-win32_x86/bin/../lib/gcc/avr/5.4.0/../../../../avr/lib/avr51/crtatmega128.o

.note.gnu.build-id
 *(.note.gnu.build-id)

.debug
 *(.debug)

.line
 *(.line)

.debug_srcinfo
 *(.debug_srcinfo)

.debug_sfnames
 *(.debug_sfnames)

.debug_aranges
 *(.debug_aranges)

.debug_pubnames
 *(.debug_pubnames)

.debug_info     0x00000000      0x780
 *(.debug_info .gnu.linkonce.wi.*)
 .debug_info    0x00000000      0x780 c:/avr8-gnu-toolchain-win32_x86/bin/../lib/gcc/avr/5.4.0/../../../../avr/lib/avr51/crtatmega128.o

.debug_abbrev   0x00000000      0x718
 *(.debug_abbrev)
 .debug_abbrev  0x00000000      0x718 c:/avr8-gnu-toolchain-win32_x86/bin/../lib/gcc/avr/5.4.0/../../../../avr/lib/avr51/crtatmega128.o

.debug_line     0x00000000       0x1a
 *(.debug_line .debug_line.* .debug_line_end)
 .debug_line    0x00000000       0x1a c:/avr8-gnu-toolchain-win32_x86/bin/../lib/gcc/avr/5.4.0/../../../../avr/lib/avr51/crtatmega128.o

.debug_frame
 *(.debug_frame)

.debug_str      0x00000000      0x27d
 *(.debug_str)
 .debug_str     0x00000000      0x27d c:/avr8-gnu-toolchain-win32_x86/bin/../lib/gcc/avr/5.4.0/../../../../avr/lib/avr51/crtatmega128.o

.debug_loc
 *(.debug_loc)

.debug_macinfo
 *(.debug_macinfo)

.debug_weaknames
 *(.debug_weaknames)

.debug_funcnames
 *(.debug_funcnames)

.debug_typenames
 *(.debug_typenames)

.debug_varnames
 *(.debug_varnames)

.debug_pubtypes
 *(.debug_pubtypes)

.debug_ranges
 *(.debug_ranges)

.debug_macro
 *(.debug_macro)
OUTPUT(digital_clock.elf elf32-avr)
LOAD linker stubs
